// Jest Snapshot v1, https://goo.gl/fbAQLP

exports[`Shell renders 1`] = `<App />`;
